computing 200 LIME runs ...
computing 100 WA-LIME(B=5) runs ...

==============================================================================================
LIME  — rank-position occupancy   (n = 200 independent runs, instance #10, top-k = 8)
==============================================================================================
  rank  modal feature   share     distinct  H/Hmax   runner-up                 mean |w|
  ------------------------------------------------------------------------------------------
  1     time            100.0%    1         -0.000   -                            43.00
  2     S15             100.0%    1         -0.000   -                            16.36
  3     S11             100.0%    1         -0.000   -                            12.08
  4     S4              100.0%    1         -0.000   -                             7.46
  5     S13             100.0%    1         -0.000   -                             4.85
  6     S3               87.0%    2         0.120    S7 13%                        2.47
  7     S7               48.5%    10        0.473    S2 18%                        1.76
  8     S17              23.0%    9         0.600    S2 18%                        0.97

==============================================================================================
WA-LIME (B = 5) — rank-position occupancy   (n = 100 independent runs, instance #10, top-k = 8)
==============================================================================================
  rank  modal feature   share     distinct  H/Hmax   runner-up                 mean |w|
  ------------------------------------------------------------------------------------------
  1     time            100.0%    1         -0.000   -                            42.97
  2     S15             100.0%    1         -0.000   -                            16.36
  3     S11             100.0%    1         -0.000   -                            12.06
  4     S4              100.0%    1         -0.000   -                             7.46
  5     S13             100.0%    1         -0.000   -                             4.87
  6     S3              100.0%    1         -0.000   -                             2.39
  7     S7               88.0%    4         0.145    S2 8%                         1.42
  8     S2               50.0%    8         0.427    S17 27%                       0.61

==============================================================================================
SIDE BY SIDE: how concentrated is each rank position?
==============================================================================================
  rank  LIME modal share    LIME distinct   WA-LIME modal share   WA-LIME distinct
  ------------------------------------------------------------------------------------------
  1      100.0%             1                100.0%               1
  2      100.0%             1                100.0%               1
  3      100.0%             1                100.0%               1
  4      100.0%             1                100.0%               1
  5      100.0%             1                100.0%               1
  6       87.0%             2                100.0%               1
  7       48.5%             10                88.0%               4
  8       23.0%             9                 50.0%               8

full occupancy distribution, LIME (features holding each rank in >2% of runs):
   rank 1: time 100%
   rank 2: S15 100%
   rank 3: S11 100%
   rank 4: S4 100%
   rank 5: S13 100%
   rank 6: S3 87%, S7 13%
   rank 7: S7 48%, S2 18%, S3 13%, S17 10%, S9 7%
   rank 8: S17 23%, S2 18%, S8 16%, S14 15%, S9 13%, S19 9%, S18 6%

full occupancy distribution, WA-LIME B=5:
   rank 1: time 100%
   rank 2: S15 100%
   rank 3: S11 100%
   rank 4: S4 100%
   rank 5: S13 100%
   rank 6: S3 100%
   rank 7: S7 88%, S2 8%, S17 3%
   rank 8: S2 50%, S17 27%, S7 10%, S9 6%, S8 3%
