========================================================================================================
PER-FEATURE SIGNAL-TO-NOISE AND RANK STABILITY  (instance #10, 200 untruncated LIME runs)
========================================================================================================
  #   feature                     mean w   sd |w|     SNR  mean rank  rank sd  in top-8
  ----------------------------------------------------------------------------------------------------
  1   time                       -42.924    0.387   110.9       1.00     0.00    100.0%
  2   S15                        -16.367    0.303    54.0       2.00     0.00    100.0%
  3   S11                        -12.072    0.310    38.9       3.00     0.00    100.0%
  4   S4                          -7.452    0.303    24.6       4.00     0.00    100.0%
  5   S13                         -4.869    0.314    15.5       5.00     0.00    100.0%
  6   S3                          -2.384    0.332     7.2       6.18     0.41    100.0%
  7   S7                           1.987    0.321     6.2       6.96     0.61     98.0%
  8   S21                          1.373    0.280     4.9       9.01     1.44     45.5%
  9   S2                          -1.127    0.310     3.6      10.47     2.19     17.0%
  10  S12                          1.086    0.331     3.3      10.80     2.47     14.5%
  11  S16                         -1.002    0.323     3.1      11.34     2.60     13.0%
  12  S20                          0.920    0.326     2.8      11.94     2.76      8.5%
  13  S17                         -0.749    0.305     2.5      13.65     3.10      2.5%
  14  S6                          -0.594    0.316     1.9      15.45     3.86      1.0%
  15  S9                          -0.584    0.293     2.0      15.44     3.48      0.0%
  16  S8                           0.347    0.302     1.2      18.30     3.96      0.0%
  17  S14                          0.279    0.326     0.9      18.53     3.81      0.0%
  18  OS2                          0.130    0.326     0.4      19.76     3.53      0.0%
  19  S19                         -0.118    0.339     0.3      19.90     3.62      0.0%
  20  S18                         -0.086    0.312     0.3      20.29     3.52      0.0%
  21  S10                         -0.054    0.294     0.2      20.41     3.03      0.0%
  22  S5                          -0.030    0.302     0.1      20.38     3.32      0.0%
  23  OS3                         -0.023    0.311     0.1      20.18     3.25      0.0%
  24  OS1                          0.022    0.288     0.1      20.64     3.33      0.0%
  25  S1                          -0.009    0.303     0.0      20.39     3.22      0.0%

========================================================================================================
THE SNR CLIFF — the paper asserts this mechanism in §3.7 but never measures it
========================================================================================================
  band                          mean SNR   median rank sd
  --------------------------------------------------------
  ranks 1-5 (stable core)           48.8             0.00
  rank 6 (S3)                        7.2             0.41
  ranks 7-8 (boundary)               5.5             1.02
  outside top-8                      1.3             3.32
