
============================================================================================
A. STABILITY OF LIME vs WA-LIME (full 25-feature weight vectors)   [R=30 repetitions per instance, 10 instances, pairwise agreement]
============================================================================================
method                                   J@5           J@8          J@10        Spearman
----------------------------------------------------------------------------------------
LIME (single, full bg)          1.000±0.000  0.855±0.108  0.790±0.105    0.8492±0.0500
LIME (single, boot-100 bg)      1.000±0.000  0.852±0.115  0.782±0.105    0.8354±0.0569
WA-LIME B=3  (boot bg)          1.000±0.000  0.920±0.101  0.848±0.095    0.9050±0.0331
WA-LIME B=5  (boot bg)          1.000±0.000  0.958±0.077  0.870±0.091    0.9229±0.0266
WA-LIME B=10 (boot bg)          1.000±0.000  0.978±0.050  0.900±0.088    0.9410±0.0211
WA-LIME B=20 (boot bg)          1.000±0.000  0.994±0.015  0.912±0.083    0.9505±0.0181
WA-LIME B=5  (full bg)          1.000±0.000  0.959±0.074  0.870±0.095    0.9233±0.0262

============================================================================================
B. THE NOTEBOOK'S CODE AS LITERALLY WRITTEN (num_features=8)   [R=30 repetitions per instance, 10 instances, pairwise agreement]
============================================================================================
method                                   J@5           J@8          J@10        Spearman
----------------------------------------------------------------------------------------
LIME as-coded (top-8 trunc)     0.914±0.092  0.763±0.121  0.795±0.109    0.8679±0.0800
WA-LIME as-coded (B=5, top-8)   0.987±0.024  0.890±0.104  0.814±0.100    0.9236±0.0411

saved -> stability_results.json
