======================================================================================
IS TABLE 7 SELF-CONSISTENT?  (can union=14, 6-in-all, 8-unstable give J=0.636?)
======================================================================================
  2 pairs with |intersection|=7 -> J=7/9=0.7778
  8 pairs with |intersection|=6 -> J=6/10=0.6000
  mean = 0.6356   <- matches the reported 0.636 exactly
  => Table 7 IS internally self-consistent. It is Table 6 that disagrees with it.

======================================================================================
WA-LIME RE-RUN (paper's Section 4.4 protocol)
======================================================================================
  WA-LIME run 1: converged after  4 inner iterations -> ['time', 'S 15', 'S 11', 'S 4', 'S 13', 'S 3', 'S 2', 'S 17']
  WA-LIME run 2: converged after  3 inner iterations -> ['time', 'S 15', 'S 11', 'S 4', 'S 13', 'S 7', 'S 3', 'S 2']
  WA-LIME run 3: converged after  5 inner iterations -> ['time', 'S 15', 'S 11', 'S 4', 'S 13', 'S 3', 'S 7', 'S 19']

  metric                                     paper        got
  ------------------------------------------------------------------------
  Mean pairwise Jaccard (WA-LIME)            0.778        0.7185
  Features in top-8 in all runs              7 of 10      6 of 10
  Total unique features in any top-8         10           10
  Boundary-fluctuating features              3            4
  convergence iterations   paper 4, 12, 6   got [4, 3, 5]

  paper's key qualitative claim: 'Sensor 7 appears in only 1 of the 5 LIME runs
   (rank 6 in run 5 only) ... appears in all three WA-LIME runs'
  -> in MY 5 seeded LIME runs, sensor 7 appears in all 5 (see paper_audit.py),
     so there is no omission for WA-LIME to correct.
  -> in my WA-LIME runs sensor 7 appears in 2 of 3.
